Processing DS1A_calibration from DS1A_calibration_signals.csv.gz...
  windows written: 380
Processing DS1B_calibration from DS1B_calibration_signals.csv.gz...
  windows written: 380
Processing DS1C_calibration from DS1C_calibration_signals.csv.gz...
  windows written: 380
Processing DS1D_calibration from DS1D_calibration_signals.csv.gz...
  windows written: 379
Processing DS1E_calibration from DS1E_calibration_signals.csv.gz...
  windows written: 379
Processing DS1F_calibration from DS1F_calibration_signals.csv.gz...
  windows written: 380
Processing DS1G_calibration from DS1G_calibration_signals.csv.gz...
  windows written: 380
Processing DS1A_evaluation from DS1A_evaluation_signals.csv.gz...
  windows written: 350
Processing DS1B_evaluation from DS1B_evaluation_signals.csv.gz...
  windows written: 492
Processing DS1C_evaluation from DS1C_evaluation_signals.csv.gz...
  windows written: 465
Processing DS1D_evaluation from DS1D_evaluation_signals.csv.gz...
  windows written: 489
Processing DS1E_evaluation from DS1E_evaluation_signals.csv.gz...
  windows written: 475
Processing DS1F_evaluation from DS1F_evaluation_signals.csv.gz...
  windows written: 477
Processing DS1G_evaluation from DS1G_evaluation_signals.csv.gz...
  windows written: 486
Saved BCI flow-matching memmap dataset:
/mnt/aiongpfs/users/pkola/thesis_eeg/BFM2_V6_FLOWMATCHING_STUDY_FULL_PIPELINE/outputs_v6_flowmatching_study/window_datasets/bci_iv_ds1_59ch_10s_250hz_flow_memmap
x shape: [5892, 59, 2500]
